// Jest Snapshot v1, https://goo.gl/fbAQLP

exports[`GET tests for RP Launches API should have the right project launches 1`] = `
[
  "Demo Api Tests",
]
`;

exports[`RP Launches API Test with Authorization using Jest  should have the right project launches 1`] = `
[
  "Demo Api Tests",
]
`;

exports[`Tests for RP Launches API should change launch info 1`] = `
{
  "message": "Attributes successfully updated",
}
`;

exports[`Tests for RP Launches API should have the right project launches 1`] = `
[
  "Demo Api Tests",
]
`;

exports[`Tests for RP Launches API should start launch analysis 1`] = `
{
  "message": "autoAnalyzer analysis for launch with ID='411' started.",
}
`;
